Archive member included to satisfy reference by file (symbol)

binary/STM32Cube/libstm32cube.a(stm32f0xx_hal.o)
                              binary/user/main.o (HAL_Init)
binary/STM32Cube/libstm32cube.a(stm32f0xx_hal_pcd_ex.o)
                              binary/user/usbd_conf.o (HAL_PCDEx_PMAConfig)
binary/STM32Cube/libstm32cube.a(stm32f0xx_hal_can.o)
                              binary/user/can.o (HAL_CAN_ConfigFilter)
binary/STM32Cube/libstm32cube.a(stm32f0xx_hal_pcd.o)
                              binary/user/usbd_conf.o (HAL_PCD_Init)
binary/STM32Cube/libstm32cube.a(stm32f0xx_hal_spi.o)
                              binary/user/spi.o (HAL_SPI_Init)
binary/STM32Cube/libstm32cube.a(stm32f0xx_hal_gpio.o)
                              binary/user/uart.o (HAL_GPIO_Init)
binary/STM32Cube/libstm32cube.a(stm32f0xx_hal_rcc_ex.o)
                              binary/user/system_config.o (HAL_RCC_OscConfig)
binary/STM32Cube/libstm32cube.a(stm32f0xx_hal_i2c.o)
                              binary/user/i2c.o (HAL_I2C_Init)
binary/STM32Cube/libstm32cube.a(stm32f0xx_hal_uart.o)
                              binary/user/uart.o (HAL_UART_Receive_IT)
binary/STM32Cube/libstm32cube.a(stm32f0xx_hal_cortex.o)
                              binary/user/uart.o (HAL_NVIC_SetPriority)
binary/STM32Cube/libstm32cube.a(stm32f0xx_hal_uart_ex.o)
                              binary/user/stm32f0xx_it.o (HAL_UART_IRQHandler)
binary/STM32Cube/libstm32cube.a(stm32f0xx_hal_rcc.o)
                              binary/user/system_config.o (HAL_RCC_GetHCLKFreq)
binary/STM32Cube/libstm32cube.a(stm32f0xx_hal_dma.o)
                              binary/STM32Cube/libstm32cube.a(stm32f0xx_hal_spi.o) (HAL_DMA_Start_IT)
/usr/share/gcc-arm/bin/../lib/gcc/arm-none-eabi/4.8.3/../../../../arm-none-eabi/lib/armv6-m/libc.a(lib_a-init.o)
                              binary/user/startup_stm32f042x6.o (__libc_init_array)
/usr/share/gcc-arm/bin/../lib/gcc/arm-none-eabi/4.8.3/../../../../arm-none-eabi/lib/armv6-m/libc.a(lib_a-memset.o)
                              binary/user/tui.o (memset)
/usr/share/gcc-arm/bin/../lib/gcc/arm-none-eabi/4.8.3/../../../../arm-none-eabi/lib/armv6-m/libc.a(lib_a-strcmp.o)
                              binary/user/diag.o (strcmp)
/usr/share/gcc-arm/bin/../lib/gcc/arm-none-eabi/4.8.3/../../../../arm-none-eabi/lib/armv6-m/libc.a(lib_a-strcpy.o)
                              binary/user/diag.o (strcpy)
/usr/share/gcc-arm/bin/../lib/gcc/arm-none-eabi/4.8.3/../../../../arm-none-eabi/lib/armv6-m/libc.a(lib_a-strlen.o)
                              binary/user/tui.o (strlen)
/usr/share/gcc-arm/bin/../lib/gcc/arm-none-eabi/4.8.3/../../../../arm-none-eabi/lib/armv6-m/libc.a(lib_a-strstr.o)
                              binary/user/diag.o (strstr)
/usr/share/gcc-arm/bin/../lib/gcc/arm-none-eabi/4.8.3/../../../../arm-none-eabi/lib/armv6-m/libc.a(lib_a-memchr-stub.o)
                              /usr/share/gcc-arm/bin/../lib/gcc/arm-none-eabi/4.8.3/../../../../arm-none-eabi/lib/armv6-m/libc.a(lib_a-strstr.o) (memchr)
/usr/share/gcc-arm/bin/../lib/gcc/arm-none-eabi/4.8.3/../../../../arm-none-eabi/lib/armv6-m/libc.a(lib_a-memcmp.o)
                              /usr/share/gcc-arm/bin/../lib/gcc/arm-none-eabi/4.8.3/../../../../arm-none-eabi/lib/armv6-m/libc.a(lib_a-strstr.o) (memcmp)
/usr/share/gcc-arm/bin/../lib/gcc/arm-none-eabi/4.8.3/../../../../arm-none-eabi/lib/armv6-m/libc.a(lib_a-strchr.o)
                              /usr/share/gcc-arm/bin/../lib/gcc/arm-none-eabi/4.8.3/../../../../arm-none-eabi/lib/armv6-m/libc.a(lib_a-strstr.o) (strchr)
/usr/share/gcc-arm/bin/../lib/gcc/arm-none-eabi/4.8.3/armv6-m/libgcc.a(_thumb1_case_uqi.o)
                              binary/user/can.o (__gnu_thumb1_case_uqi)
/usr/share/gcc-arm/bin/../lib/gcc/arm-none-eabi/4.8.3/armv6-m/libgcc.a(_thumb1_case_uhi.o)
                              binary/usb/usbd_ctlreq.o (__gnu_thumb1_case_uhi)
/usr/share/gcc-arm/bin/../lib/gcc/arm-none-eabi/4.8.3/armv6-m/libgcc.a(_udivsi3.o)
                              binary/user/system_config.o (__aeabi_uidiv)
/usr/share/gcc-arm/bin/../lib/gcc/arm-none-eabi/4.8.3/armv6-m/libgcc.a(_dvmd_tls.o)
                              /usr/share/gcc-arm/bin/../lib/gcc/arm-none-eabi/4.8.3/armv6-m/libgcc.a(_udivsi3.o) (__aeabi_idiv0)

Allocating common symbols
Common symbol       size              file

hUsbDeviceFS        0x224             binary/user/usb_device.o
hUsbDevice_0        0x4               binary/user/usbd_cdc_if.o
UARTHandle          0x6c              binary/user/uart.o
prescaler           0x4               binary/user/can.o
hcan                0x3c              binary/user/can.o
bus_state           0x1               binary/user/can.o
UserRxBufferFS      0x20              binary/user/usbd_cdc_if.o
rx_msg              0x3c              binary/user/can.o
I2C_rxData          0x1               binary/user/i2c.o
UserTxBufferFS      0x20              binary/user/usbd_cdc_if.o
[...]
Memory Configuration

Name             Origin             Length             Attributes
FLASH            0x08000000         0x00008000         xr
RAM              0x20000000         0x00001800         xrw
*default*        0x00000000         0xffffffff

Linker script and memory map

LOAD /usr/share/gcc-arm/bin/../lib/gcc/arm-none-eabi/4.8.3/armv6-m/crti.o
LOAD /usr/share/gcc-arm/bin/../lib/gcc/arm-none-eabi/4.8.3/armv6-m/crtbegin.o
LOAD binary/user/uart.o
LOAD binary/user/spi.o
LOAD binary/user/i2c.o
LOAD binary/user/can.o
LOAD binary/user/tui.o
LOAD binary/user/connector_pin.o
LOAD binary/user/led.o
LOAD binary/user/diag.o
LOAD binary/user/system_config.o
LOAD binary/user/usbd_conf.o
LOAD binary/user/usbd_cdc_if.o
LOAD binary/user/usb_device.o
LOAD binary/user/usbd_desc.o
LOAD binary/user/stm32f0xx_it.o
LOAD binary/user/system_stm32f0xx.o
LOAD binary/user/main.o
LOAD binary/user/startup_stm32f042x6.o
LOAD binary/usb/usbd_ctlreq.o
LOAD binary/usb/usbd_ioreq.o
LOAD binary/usb/usbd_core.o
LOAD binary/usb/usbd_cdc.o
LOAD binary/STM32Cube/libstm32cube.a
LOAD /usr/share/gcc-arm/bin/../lib/gcc/arm-none-eabi/4.8.3/../../../../arm-none-eabi/lib/armv6-m/libc.a
LOAD /usr/share/gcc-arm/bin/../lib/gcc/arm-none-eabi/4.8.3/../../../../arm-none-eabi/lib/armv6-m/libm.a
START GROUP
LOAD /usr/share/gcc-arm/bin/../lib/gcc/arm-none-eabi/4.8.3/armv6-m/libgcc.a
LOAD /usr/share/gcc-arm/bin/../lib/gcc/arm-none-eabi/4.8.3/../../../../arm-none-eabi/lib/armv6-m/libc.a
END GROUP
LOAD /usr/share/gcc-arm/bin/../lib/gcc/arm-none-eabi/4.8.3/armv6-m/crtend.o
LOAD /usr/share/gcc-arm/bin/../lib/gcc/arm-none-eabi/4.8.3/armv6-m/crtn.o
                0x200017ff                _estack = 0x200017ff
                0x00000000                _Min_Heap_Size = 0x0
                0x00000400                _Min_Stack_Size = 0x400

.isr_vector     0x08000000       0xc0
                0x08000000                . = ALIGN (0x4)
 *(.isr_vector)
 .isr_vector    0x08000000       0xc0 binary/user/startup_stm32f042x6.o
                0x08000000                g_pfnVectors
                0x080000c0                . = ALIGN (0x4)

.text           0x080000c0     0x5ab4
                0x080000c0                . = ALIGN (0x4)
 *(.text)
 .text          0x080000c0       0xbc /usr/share/gcc-arm/bin/../lib/gcc/arm-none-eabi/4.8.3/armv6-m/crtbegin.o
 .text          0x0800017c       0x48 /usr/share/gcc-arm/bin/../lib/gcc/arm-none-eabi/4.8.3/../../../../arm-none-eabi/lib/armv6-m/libc.a(lib_a-init.o)
                0x0800017c                __libc_init_array
 .text          0x080001c4       0xb4 /usr/share/gcc-arm/bin/../lib/gcc/arm-none-eabi/4.8.3/../../../../arm-none-eabi/lib/armv6-m/libc.a(lib_a-memset.o)
                0x080001c4                memset
 .text          0x08000278       0x14 /usr/share/gcc-arm/bin/../lib/gcc/arm-none-eabi/4.8.3/../../../../arm-none-eabi/lib/armv6-m/libc.a(lib_a-strcmp.o)
                0x08000278                strcmp
 .text          0x0800028c       0x10 /usr/share/gcc-arm/bin/../lib/gcc/arm-none-eabi/4.8.3/../../../../arm-none-eabi/lib/armv6-m/libc.a(lib_a-strcpy.o)
                0x0800028c                strcpy
 .text          0x0800029c       0x10 /usr/share/gcc-arm/bin/../lib/gcc/arm-none-eabi/4.8.3/../../../../arm-none-eabi/lib/armv6-m/libc.a(lib_a-strlen.o)
                0x0800029c                strlen
 .text          0x080002ac      0x4c4 /usr/share/gcc-arm/bin/../lib/gcc/arm-none-eabi/4.8.3/../../../../arm-none-eabi/lib/armv6-m/libc.a(lib_a-strstr.o)
                0x0800055c                strstr
 .text          0x08000770       0x84 /usr/share/gcc-arm/bin/../lib/gcc/arm-none-eabi/4.8.3/../../../../arm-none-eabi/lib/armv6-m/libc.a(lib_a-memchr-stub.o)
                0x08000770                memchr
 .text          0x080007f4       0x4c /usr/share/gcc-arm/bin/../lib/gcc/arm-none-eabi/4.8.3/../../../../arm-none-eabi/lib/armv6-m/libc.a(lib_a-memcmp.o)
                0x080007f4                memcmp
 .text          0x08000840       0xd8 /usr/share/gcc-arm/bin/../lib/gcc/arm-none-eabi/4.8.3/../../../../arm-none-eabi/lib/armv6-m/libc.a(lib_a-strchr.o)
                0x08000840                strchr
 .text          0x08000918       0x14 /usr/share/gcc-arm/bin/../lib/gcc/arm-none-eabi/4.8.3/armv6-m/libgcc.a(_thumb1_case_uqi.o)
                0x08000918                __gnu_thumb1_case_uqi
 .text          0x0800092c       0x14 /usr/share/gcc-arm/bin/../lib/gcc/arm-none-eabi/4.8.3/armv6-m/libgcc.a(_thumb1_case_uhi.o)
                0x0800092c                __gnu_thumb1_case_uhi
 .text          0x08000940       0x9c /usr/share/gcc-arm/bin/../lib/gcc/arm-none-eabi/4.8.3/armv6-m/libgcc.a(_udivsi3.o)
                0x08000940                __udivsi3
                0x08000940                __aeabi_uidiv
                0x080009c8                __aeabi_uidivmod
 .text          0x080009dc        0x4 /usr/share/gcc-arm/bin/../lib/gcc/arm-none-eabi/4.8.3/armv6-m/libgcc.a(_dvmd_tls.o)
                0x080009dc                __aeabi_ldiv0
                0x080009dc                __aeabi_idiv0
 *(.text*)
 .text.UART_gpio_init
                0x080009e0       0x48 binary/user/uart.o
                0x080009e0                UART_gpio_init
 .text.UART_init
                0x08000a28       0x4c binary/user/uart.o
                0x08000a28                UART_init
 .text.UART_Tx_packet
                0x08000a74       0x24 binary/user/uart.o
                0x08000a74                UART_Tx_packet
 .text.UART_Rx_Int_Enable
                0x08000a98       0x18 binary/user/uart.o
                0x08000a98                UART_Rx_Int_Enable
 .text.UART_IRQ_Enable
                0x08000ab0       0x38 binary/user/uart.o
                0x08000ab0                UART_IRQ_Enable
 .text.UART_Rx_IT_Char
                0x08000ae8        0xc binary/user/uart.o
                0x08000ae8                UART_Rx_IT_Char
 .text.SPI_gpio_init
                0x08000af4       0x48 binary/user/spi.o
                0x08000af4                SPI_gpio_init
 .text.SPI_Master_init
                0x08000b3c       0x60 binary/user/spi.o
                0x08000b3c                SPI_Master_init
 .text.SPI_Slave_init
                0x08000b9c       0x5c binary/user/spi.o
                0x08000b9c                SPI_Slave_init
 .text.SPI_tx_packet
                0x08000bf8       0x24 binary/user/spi.o
                0x08000bf8                SPI_tx_packet
 .text.SPI_rx_packet
                0x08000c1c       0x18 binary/user/spi.o
                0x08000c1c                SPI_rx_packet
 .text.I2C_gpio_init
                0x08000c34       0x34 binary/user/i2c.o
                0x08000c34                I2C_gpio_init
 .text.I2C_Master_init
                0x08000c68       0x50 binary/user/i2c.o
                0x08000c68                I2C_Master_init
 .text.I2C_Slave_init
                0x08000cb8       0x50 binary/user/i2c.o
                0x08000cb8                I2C_Slave_init
 .text.I2C_Slave_rx_packet
                0x08000d08       0x18 binary/user/i2c.o
                0x08000d08                I2C_Slave_rx_packet
 .text.Isfind_i2c_address
                0x08000d20       0x18 binary/user/i2c.o
                0x08000d20                Isfind_i2c_address
 .text.can_set_filter
                0x08000d38       0x60 binary/user/can.o
                0x08000d38                can_set_filter
 .text.can_enable
                0x08000d98       0x50 binary/user/can.o
                0x08000d98                can_enable
 .text.can_set_bitrate
                0x08000de8       0x50 binary/user/can.o
                0x08000de8                can_set_bitrate
 .text.can_set_silent
                0x08000e38       0x24 binary/user/can.o
                0x08000e38                can_set_silent
 .text.MX_CAN_INIT
                0x08000e5c       0x74 binary/user/can.o
                0x08000e5c                MX_CAN_INIT
 .text.can_tx   0x08000ed0       0x14 binary/user/can.o
                0x08000ed0                can_tx
 .text.can_rx   0x08000ee4       0x18 binary/user/can.o
                0x08000ee4                can_rx
 .text.can_tx_packet
                0x08000efc       0x2c binary/user/can.o
                0x08000efc                can_tx_packet
 .text.can_rx_packet
                0x08000f28       0x30 binary/user/can.o
                0x08000f28                can_rx_packet
 .text.TUI_Up   0x08000f58       0x20 binary/user/tui.o
                0x08000f58                TUI_Up
 .text.TUI_Down
                0x08000f78       0x20 binary/user/tui.o
                0x08000f78                TUI_Down
 .text.TUI_move_backward
                0x08000f98       0x20 binary/user/tui.o
                0x08000f98                TUI_move_backward
 .text.TUI_color_set
                0x08000fb8       0x3c binary/user/tui.o
                0x08000fb8                TUI_color_set
 .text.TUI_color_notset
                0x08000ff4       0x3c binary/user/tui.o
                0x08000ff4                TUI_color_notset
 .text.TUI_init_position
                0x08001030       0x14 binary/user/tui.o
                0x08001030                TUI_init_position
 .text.TUI_clear
                0x08001044       0x50 binary/user/tui.o
                0x08001044                TUI_clear
 .text.TUI_menu_process
                0x08001094      0x1c8 binary/user/tui.o
                0x08001094                TUI_menu_process
 .text.All_header_pin_direction_ouput
                0x0800125c       0x38 binary/user/connector_pin.o
                0x0800125c                All_header_pin_direction_ouput
 .text.all_header_set_high
                0x08001294       0x24 binary/user/connector_pin.o
                0x08001294                all_header_set_high
 .text.all_header_set_low
                0x080012b8       0x24 binary/user/connector_pin.o
                0x080012b8                all_header_set_low
 .text.led1_on  0x080012dc       0x14 binary/user/led.o
                0x080012dc                led1_on
 .text.led2_on  0x080012f0       0x14 binary/user/led.o
                0x080012f0                led2_on
 .text.led2_off
                0x08001304       0x14 binary/user/led.o
                0x08001304                led2_off
 .text.both_led_on
                0x08001318       0x20 binary/user/led.o
                0x08001318                both_led_on
 .text.both_led_off
                0x08001338       0x20 binary/user/led.o
                0x08001338                both_led_off
 .text.led_init
                0x08001358       0x4c binary/user/led.o
                0x08001358                led_init
 .text.HAL_UART_RxCpltCallback
                0x080013a4       0x38 binary/user/diag.o
                0x080013a4                HAL_UART_RxCpltCallback
 .text.led_diag_check
                0x080013dc       0x78 binary/user/diag.o
                0x080013dc                led_diag_check
 .text.diag_check_stop
                0x08001454       0x18 binary/user/diag.o
                0x08001454                diag_check_stop
 .text.uart_tx_diag_check
                0x0800146c       0xc4 binary/user/diag.o
                0x0800146c                uart_tx_diag_check
 .text.uart_rx_diag_check
                0x08001530       0x90 binary/user/diag.o
                0x08001530                uart_rx_diag_check
 .text.spi_master_diag_check
                0x080015c0       0xc0 binary/user/diag.o
                0x080015c0                spi_master_diag_check
 .text.spi_slave_diag_check
                0x08001680       0x78 binary/user/diag.o
                0x08001680                spi_slave_diag_check
 .text.i2c_master_diag_check
                0x080016f8       0x54 binary/user/diag.o
                0x080016f8                i2c_master_diag_check
 .text.i2c_slave_diag_check
                0x0800174c       0x7c binary/user/diag.o
                0x0800174c                i2c_slave_diag_check
 .text.can_tx_diag_check
                0x080017c8       0x98 binary/user/diag.o
                0x080017c8                can_tx_diag_check
 .text.can_rx_diag_check
                0x08001860       0x70 binary/user/diag.o
                0x08001860                can_rx_diag_check
 .text.header_pin_diag_check
                0x080018d0       0x88 binary/user/diag.o
                0x080018d0                header_pin_diag_check
 .text.MX_GPIO_Init
                0x08001958       0x28 binary/user/system_config.o
                0x08001958                MX_GPIO_Init
 .text.SystemClock_Config
                0x08001980       0x78 binary/user/system_config.o
                0x08001980                SystemClock_Config
 .text.HAL_PCD_MspInit
                0x080019f8       0x30 binary/user/usbd_conf.o
                0x080019f8                HAL_PCD_MspInit
 .text.HAL_PCD_SetupStageCallback
                0x08001a28       0x14 binary/user/usbd_conf.o
                0x08001a28                HAL_PCD_SetupStageCallback
 .text.HAL_PCD_DataOutStageCallback
                0x08001a3c       0x1a binary/user/usbd_conf.o
                0x08001a3c                HAL_PCD_DataOutStageCallback
 .text.HAL_PCD_DataInStageCallback
                0x08001a56       0x18 binary/user/usbd_conf.o
                0x08001a56                HAL_PCD_DataInStageCallback
 .text.HAL_PCD_SOFCallback
                0x08001a6e        0xe binary/user/usbd_conf.o
                0x08001a6e                HAL_PCD_SOFCallback
 .text.HAL_PCD_ResetCallback
                0x08001a7c       0x18 binary/user/usbd_conf.o
                0x08001a7c                HAL_PCD_ResetCallback
 .text.HAL_PCD_SuspendCallback
                0x08001a94       0x24 binary/user/usbd_conf.o
                0x08001a94                HAL_PCD_SuspendCallback
 .text.HAL_PCD_ResumeCallback
                0x08001ab8       0x38 binary/user/usbd_conf.o
                0x08001ab8                HAL_PCD_ResumeCallback
 .text.USBD_LL_Init
                0x08001af0       0x6c binary/user/usbd_conf.o
                0x08001af0                USBD_LL_Init
 .text.USBD_LL_Start
                0x08001b5c       0x10 binary/user/usbd_conf.o
                0x08001b5c                USBD_LL_Start
 .text.USBD_LL_OpenEP
                0x08001b6c       0x16 binary/user/usbd_conf.o
                0x08001b6c                USBD_LL_OpenEP
 .text.USBD_LL_CloseEP
                0x08001b82       0x10 binary/user/usbd_conf.o
                0x08001b82                USBD_LL_CloseEP
 .text.USBD_LL_StallEP
                0x08001b92       0x10 binary/user/usbd_conf.o
                0x08001b92                USBD_LL_StallEP
 .text.USBD_LL_ClearStallEP
                0x08001ba2       0x10 binary/user/usbd_conf.o
                0x08001ba2                USBD_LL_ClearStallEP
 .text.USBD_LL_IsStallEP
                0x08001bb2       0x28 binary/user/usbd_conf.o
                0x08001bb2                USBD_LL_IsStallEP
 .text.USBD_LL_SetUSBAddress
                0x08001bda       0x10 binary/user/usbd_conf.o
                0x08001bda                USBD_LL_SetUSBAddress
 .text.USBD_LL_Transmit
                0x08001bea       0x10 binary/user/usbd_conf.o
                0x08001bea                USBD_LL_Transmit
 .text.USBD_LL_PrepareReceive
                0x08001bfa       0x10 binary/user/usbd_conf.o
                0x08001bfa                USBD_LL_PrepareReceive
 .text.USBD_LL_GetRxDataSize
                0x08001c0a        0xe binary/user/usbd_conf.o
                0x08001c0a                USBD_LL_GetRxDataSize
 .text.USBD_static_malloc
                0x08001c18        0x8 binary/user/usbd_conf.o
                0x08001c18                USBD_static_malloc
 .text.USBD_static_free
                0x08001c20        0x2 binary/user/usbd_conf.o
                0x08001c20                USBD_static_free
 .text.CDC_DeInit_FS
                0x08001c22        0x4 binary/user/usbd_cdc_if.o
 *fill*         0x08001c26        0x2 
 .text.CDC_Receive_FS
                0x08001c28       0x18 binary/user/usbd_cdc_if.o
 .text.CDC_Init_FS
                0x08001c40       0x20 binary/user/usbd_cdc_if.o
 .text.CDC_Control_FS
                0x08001c60       0x20 binary/user/usbd_cdc_if.o
 .text.CDC_Transmit_FS
                0x08001c80       0x48 binary/user/usbd_cdc_if.o
                0x08001c80                CDC_Transmit_FS
 .text.MX_USB_DEVICE_Init
                0x08001cc8       0x38 binary/user/usb_device.o
                0x08001cc8                MX_USB_DEVICE_Init
 .text.USBD_FS_DeviceDescriptor
                0x08001d00        0xc binary/user/usbd_desc.o
                0x08001d00                USBD_FS_DeviceDescriptor
 .text.USBD_FS_LangIDStrDescriptor
                0x08001d0c        0xc binary/user/usbd_desc.o
                0x08001d0c                USBD_FS_LangIDStrDescriptor
 .text.USBD_FS_ManufacturerStrDescriptor
                0x08001d18       0x1c binary/user/usbd_desc.o
                0x08001d18                USBD_FS_ManufacturerStrDescriptor
 .text.USBD_FS_ProductStrDescriptor
                0x08001d34       0x1c binary/user/usbd_desc.o
                0x08001d34                USBD_FS_ProductStrDescriptor
 .text.USBD_FS_ConfigStrDescriptor
                0x08001d50       0x1c binary/user/usbd_desc.o
                0x08001d50                USBD_FS_ConfigStrDescriptor
 .text.USBD_FS_InterfaceStrDescriptor
                0x08001d6c       0x1c binary/user/usbd_desc.o
                0x08001d6c                USBD_FS_InterfaceStrDescriptor
 .text.IntToAscii.constprop.3
                0x08001d88       0x22 binary/user/usbd_desc.o
 *fill*         0x08001daa        0x2 
 .text.USBD_FS_SerialStrDescriptor
                0x08001dac       0x48 binary/user/usbd_desc.o
                0x08001dac                USBD_FS_SerialStrDescriptor
 .text.USB_IRQHandler
                0x08001df4       0x10 binary/user/stm32f0xx_it.o
                0x08001df4                USB_IRQHandler
 .text.SysTick_Handler
                0x08001e04        0xc binary/user/stm32f0xx_it.o
                0x08001e04                SysTick_Handler
 .text.USART2_IRQHandler
                0x08001e10       0x10 binary/user/stm32f0xx_it.o
                0x08001e10                USART2_IRQHandler
 .text.SystemInit
                0x08001e20       0x60 binary/user/system_stm32f0xx.o
                0x08001e20                SystemInit
 .text.TUI_display_menu
                0x08001e80       0x5c binary/user/main.o
                0x08001e80                TUI_display_menu
 .text.auto_diag
                0x08001edc       0x5c binary/user/main.o
                0x08001edc                auto_diag
 .text.mfg_diag_actions
                0x08001f38       0x70 binary/user/main.o
                0x08001f38                mfg_diag_actions
 .text.startup.main
                0x08001fa8      0x104 binary/user/main.o
                0x08001fa8                main
 .text.get_option_from_usb
                0x080020ac       0x28 binary/user/main.o
                0x080020ac                get_option_from_usb
 .text.Reset_Handler
                0x080020d4       0x50 binary/user/startup_stm32f042x6.o
                0x080020d4                Reset_Handler
 .text.Default_Handler
                0x08002124        0x2 binary/user/startup_stm32f042x6.o
                0x08002124                TIM1_CC_IRQHandler
                0x08002124                TSC_IRQHandler
                0x08002124                HardFault_Handler
                0x08002124                PendSV_Handler
                0x08002124                NMI_Handler
                0x08002124                I2C1_IRQHandler
                0x08002124                RCC_CRS_IRQHandler
                0x08002124                SPI1_IRQHandler
                0x08002124                EXTI2_3_IRQHandler
                0x08002124                ADC1_IRQHandler
                0x08002124                TIM17_IRQHandler
                0x08002124                CEC_CAN_IRQHandler
                0x08002124                RTC_IRQHandler
                0x08002124                PVD_VDDIO2_IRQHandler
                0x08002124                TIM16_IRQHandler
                0x08002124                TIM3_IRQHandler
                0x08002124                EXTI4_15_IRQHandler
                0x08002124                DMA1_Channel1_IRQHandler
                0x08002124                Default_Handler
                0x08002124                TIM14_IRQHandler
                0x08002124                DMA1_Channel4_5_IRQHandler
                0x08002124                EXTI0_1_IRQHandler
                0x08002124                SPI2_IRQHandler
                0x08002124                SVC_Handler
                0x08002124                WWDG_IRQHandler
                0x08002124                TIM2_IRQHandler
                0x08002124                DMA1_Channel2_3_IRQHandler
                0x08002124                FLASH_IRQHandler
                0x08002124                USART1_IRQHandler
                0x08002124                TIM1_BRK_UP_TRG_COM_IRQHandler
 .text.USBD_ParseSetupRequest
                0x08002126       0x28 binary/usb/usbd_ctlreq.o
                0x08002126                USBD_ParseSetupRequest
 .text.USBD_CtlError
                0x0800214e       0x14 binary/usb/usbd_ctlreq.o
                0x0800214e                USBD_CtlError
 *fill*         0x08002162        0x2 
 .text.USBD_StdDevReq
                0x08002164      0x240 binary/usb/usbd_ctlreq.o
                0x08002164                USBD_StdDevReq
 .text.USBD_StdItfReq
                0x080023a4       0x3a binary/usb/usbd_ctlreq.o
                0x080023a4                USBD_StdItfReq
 .text.USBD_StdEPReq
                0x080023de       0xc2 binary/usb/usbd_ctlreq.o
                0x080023de                USBD_StdEPReq
 .text.USBD_GetString
                0x080024a0       0x3a binary/usb/usbd_ctlreq.o
                0x080024a0                USBD_GetString
 .text.USBD_CtlSendData
                0x080024da       0x1e binary/usb/usbd_ioreq.o
                0x080024da                USBD_CtlSendData
 .text.USBD_CtlContinueSendData
                0x080024f8       0x12 binary/usb/usbd_ioreq.o
                0x080024f8                USBD_CtlContinueSendData
 .text.USBD_CtlPrepareRx
                0x0800250a       0x22 binary/usb/usbd_ioreq.o
                0x0800250a                USBD_CtlPrepareRx
 .text.USBD_CtlContinueRx
                0x0800252c       0x12 binary/usb/usbd_ioreq.o
                0x0800252c                USBD_CtlContinueRx
 .text.USBD_CtlSendStatus
                0x0800253e       0x18 binary/usb/usbd_ioreq.o
                0x0800253e                USBD_CtlSendStatus
 .text.USBD_CtlReceiveStatus
                0x08002556       0x18 binary/usb/usbd_ioreq.o
                0x08002556                USBD_CtlReceiveStatus
 .text.USBD_Init
                0x0800256e       0x34 binary/usb/usbd_core.o
                0x0800256e                USBD_Init
 .text.USBD_RegisterClass
                0x080025a2       0x14 binary/usb/usbd_core.o
                0x080025a2                USBD_RegisterClass
 .text.USBD_Start
                0x080025b6        0xa binary/usb/usbd_core.o
                0x080025b6                USBD_Start
 .text.USBD_SetClassConfig
                0x080025c0       0x1a binary/usb/usbd_core.o
                0x080025c0                USBD_SetClassConfig
 .text.USBD_ClrClassConfig
                0x080025da       0x10 binary/usb/usbd_core.o
                0x080025da                USBD_ClrClassConfig
 *fill*         0x080025ea        0x2 
 .text.USBD_LL_SetupStage
                0x080025ec       0x68 binary/usb/usbd_core.o
                0x080025ec                USBD_LL_SetupStage
 .text.USBD_LL_DataOutStage
                0x08002654       0x74 binary/usb/usbd_core.o
                0x08002654                USBD_LL_DataOutStage
 .text.USBD_LL_DataInStage
                0x080026c8       0x9e binary/usb/usbd_core.o
                0x080026c8                USBD_LL_DataInStage
 .text.USBD_LL_Reset
                0x08002766       0x48 binary/usb/usbd_core.o
                0x08002766                USBD_LL_Reset
 .text.USBD_LL_SetSpeed
                0x080027ae        0x6 binary/usb/usbd_core.o
                0x080027ae                USBD_LL_SetSpeed
 .text.USBD_LL_Suspend
                0x080027b4       0x14 binary/usb/usbd_core.o
                0x080027b4                USBD_LL_Suspend
 .text.USBD_LL_Resume
                0x080027c8       0x10 binary/usb/usbd_core.o
                0x080027c8                USBD_LL_Resume
 .text.USBD_LL_SOF
                0x080027d8       0x1e binary/usb/usbd_core.o
                0x080027d8                USBD_LL_SOF
 .text.USBD_CDC_DataIn
                0x080027f6       0x1a binary/usb/usbd_cdc.o
 .text.USBD_CDC_EP0_RxReady
                0x08002810       0x34 binary/usb/usbd_cdc.o
 .text.USBD_CDC_GetFSCfgDesc
                0x08002844        0xc binary/usb/usbd_cdc.o
 .text.USBD_CDC_GetHSCfgDesc
                0x08002850        0xc binary/usb/usbd_cdc.o
 .text.USBD_CDC_GetOtherSpeedCfgDesc
                0x0800285c        0xc binary/usb/usbd_cdc.o
 .text.USBD_CDC_GetDeviceQualifierDescriptor
                0x08002868        0xc binary/usb/usbd_cdc.o
                0x08002868                USBD_CDC_GetDeviceQualifierDescriptor
 .text.USBD_CDC_DataOut
                0x08002874       0x36 binary/usb/usbd_cdc.o
 *fill*         0x080028aa        0x2 
 .text.USBD_CDC_Setup
                0x080028ac       0x68 binary/usb/usbd_cdc.o
 .text.USBD_CDC_DeInit
                0x08002914       0x3c binary/usb/usbd_cdc.o
 .text.USBD_CDC_Init
                0x08002950       0x8e binary/usb/usbd_cdc.o
 .text.USBD_CDC_RegisterInterface
                0x080029de       0x14 binary/usb/usbd_cdc.o
                0x080029de                USBD_CDC_RegisterInterface
 .text.USBD_CDC_SetTxBuffer
                0x080029f2       0x16 binary/usb/usbd_cdc.o
                0x080029f2                USBD_CDC_SetTxBuffer
 .text.USBD_CDC_SetRxBuffer
                0x08002a08       0x10 binary/usb/usbd_cdc.o
                0x08002a08                USBD_CDC_SetRxBuffer
 .text.USBD_CDC_TransmitPacket
                0x08002a18       0x36 binary/usb/usbd_cdc.o
                0x08002a18                USBD_CDC_TransmitPacket
 .text.USBD_CDC_ReceivePacket
                0x08002a4e       0x2c binary/usb/usbd_cdc.o
                0x08002a4e                USBD_CDC_ReceivePacket
 .text.HAL_MspInit
                0x08002a7a        0x2 binary/STM32Cube/libstm32cube.a(stm32f0xx_hal.o)
                0x08002a7a                HAL_MspInit
 .text.HAL_InitTick
                0x08002a7c       0x24 binary/STM32Cube/libstm32cube.a(stm32f0xx_hal.o)
                0x08002a7c                HAL_InitTick
 .text.HAL_Init
                0x08002aa0       0x10 binary/STM32Cube/libstm32cube.a(stm32f0xx_hal.o)
                0x08002aa0                HAL_Init
 .text.HAL_IncTick
                0x08002ab0       0x10 binary/STM32Cube/libstm32cube.a(stm32f0xx_hal.o)
                0x08002ab0                HAL_IncTick
 .text.HAL_GetTick
                0x08002ac0        0xc binary/STM32Cube/libstm32cube.a(stm32f0xx_hal.o)
                0x08002ac0                HAL_GetTick
 .text.HAL_Delay
                0x08002acc       0x18 binary/STM32Cube/libstm32cube.a(stm32f0xx_hal.o)
                0x08002acc                HAL_Delay
 .text.HAL_PCDEx_PMAConfig
                0x08002ae4       0x34 binary/STM32Cube/libstm32cube.a(stm32f0xx_hal_pcd_ex.o)
                0x08002ae4                HAL_PCDEx_PMAConfig
 .text.HAL_CAN_ConfigFilter
                0x08002b18       0xcc binary/STM32Cube/libstm32cube.a(stm32f0xx_hal_can.o)
                0x08002b18                HAL_CAN_ConfigFilter
 .text.HAL_CAN_MspInit
                0x08002be4        0x2 binary/STM32Cube/libstm32cube.a(stm32f0xx_hal_can.o)
                0x08002be4                HAL_CAN_MspInit
 .text.HAL_CAN_Init
                0x08002be6      0x124 binary/STM32Cube/libstm32cube.a(stm32f0xx_hal_can.o)
                0x08002be6                HAL_CAN_Init
 *fill*         0x08002d0a        0x2 
 .text.HAL_CAN_Transmit
                0x08002d0c      0x18c binary/STM32Cube/libstm32cube.a(stm32f0xx_hal_can.o)
                0x08002d0c                HAL_CAN_Transmit
 .text.HAL_CAN_Receive
                0x08002e98      0x132 binary/STM32Cube/libstm32cube.a(stm32f0xx_hal_can.o)
                0x08002e98                HAL_CAN_Receive
 *fill*         0x08002fca        0x2 
 .text.HAL_PCD_Init
                0x08002fcc       0x7c binary/STM32Cube/libstm32cube.a(stm32f0xx_hal_pcd.o)
                0x08002fcc                HAL_PCD_Init
 .text.HAL_PCD_Start
                0x08003048       0x12 binary/STM32Cube/libstm32cube.a(stm32f0xx_hal_pcd.o)
                0x08003048                HAL_PCD_Start
 .text.HAL_PCD_SetAddress
                0x0800305a       0x2c binary/STM32Cube/libstm32cube.a(stm32f0xx_hal_pcd.o)
                0x0800305a                HAL_PCD_SetAddress
 *fill*         0x08003086        0x2 
 .text.HAL_PCD_EP_Open
                0x08003088      0x2c8 binary/STM32Cube/libstm32cube.a(stm32f0xx_hal_pcd.o)
                0x08003088                HAL_PCD_EP_Open
 .text.HAL_PCD_EP_Close
                0x08003350      0x184 binary/STM32Cube/libstm32cube.a(stm32f0xx_hal_pcd.o)
                0x08003350                HAL_PCD_EP_Close
 .text.HAL_PCD_EP_Receive
                0x080034d4       0xd0 binary/STM32Cube/libstm32cube.a(stm32f0xx_hal_pcd.o)
                0x080034d4                HAL_PCD_EP_Receive
 .text.HAL_PCD_EP_GetRxCount
                0x080035a4       0x10 binary/STM32Cube/libstm32cube.a(stm32f0xx_hal_pcd.o)
                0x080035a4                HAL_PCD_EP_GetRxCount
 .text.HAL_PCD_EP_SetStall
                0x080035b4       0x94 binary/STM32Cube/libstm32cube.a(stm32f0xx_hal_pcd.o)
                0x080035b4                HAL_PCD_EP_SetStall
 .text.HAL_PCD_EP_ClrStall
                0x08003648       0xc0 binary/STM32Cube/libstm32cube.a(stm32f0xx_hal_pcd.o)
                0x08003648                HAL_PCD_EP_ClrStall
 .text.PCD_WritePMA
                0x08003708       0x28 binary/STM32Cube/libstm32cube.a(stm32f0xx_hal_pcd.o)
                0x08003708                PCD_WritePMA
 .text.HAL_PCD_EP_Transmit
                0x08003730      0x15c binary/STM32Cube/libstm32cube.a(stm32f0xx_hal_pcd.o)
                0x08003730                HAL_PCD_EP_Transmit
 .text.PCD_ReadPMA
                0x0800388c       0x22 binary/STM32Cube/libstm32cube.a(stm32f0xx_hal_pcd.o)
                0x0800388c                PCD_ReadPMA
 *fill*         0x080038ae        0x2 
 .text.HAL_PCD_IRQHandler
                0x080038b0      0x41c binary/STM32Cube/libstm32cube.a(stm32f0xx_hal_pcd.o)
                0x080038b0                HAL_PCD_IRQHandler
 .text.SPI_WaitFlagStateUntilTimeout
                0x08003ccc       0x94 binary/STM32Cube/libstm32cube.a(stm32f0xx_hal_spi.o)
 .text.SPI_WaitFifoStateUntilTimeout
                0x08003d60       0xb0 binary/STM32Cube/libstm32cube.a(stm32f0xx_hal_spi.o)
 .text.SPI_EndRxTxTransaction
                0x08003e10       0x42 binary/STM32Cube/libstm32cube.a(stm32f0xx_hal_spi.o)
 .text.SPI_EndRxTransaction
                0x08003e52       0x5a binary/STM32Cube/libstm32cube.a(stm32f0xx_hal_spi.o)
 .text.HAL_SPI_MspInit
                0x08003eac        0x2 binary/STM32Cube/libstm32cube.a(stm32f0xx_hal_spi.o)
                0x08003eac                HAL_SPI_MspInit
 *fill*         0x08003eae        0x2 
 .text.HAL_SPI_Init
                0x08003eb0       0xc4 binary/STM32Cube/libstm32cube.a(stm32f0xx_hal_spi.o)
                0x08003eb0                HAL_SPI_Init
 .text.HAL_SPI_Transmit
                0x08003f74      0x160 binary/STM32Cube/libstm32cube.a(stm32f0xx_hal_spi.o)
                0x08003f74                HAL_SPI_Transmit
 .text.HAL_SPI_TransmitReceive
                0x080040d4      0x2c4 binary/STM32Cube/libstm32cube.a(stm32f0xx_hal_spi.o)
                0x080040d4                HAL_SPI_TransmitReceive
 .text.HAL_SPI_Receive
                0x08004398      0x24c binary/STM32Cube/libstm32cube.a(stm32f0xx_hal_spi.o)
                0x08004398                HAL_SPI_Receive
 .text.HAL_GPIO_Init
                0x080045e4      0x1b8 binary/STM32Cube/libstm32cube.a(stm32f0xx_hal_gpio.o)
                0x080045e4                HAL_GPIO_Init
 .text.HAL_GPIO_WritePin
                0x0800479c        0xc binary/STM32Cube/libstm32cube.a(stm32f0xx_hal_gpio.o)
                0x0800479c                HAL_GPIO_WritePin
 .text.HAL_RCC_OscConfig
                0x080047a8      0x3e8 binary/STM32Cube/libstm32cube.a(stm32f0xx_hal_rcc_ex.o)
                0x080047a8                HAL_RCC_OscConfig
 .text.HAL_RCC_ClockConfig
                0x08004b90      0x208 binary/STM32Cube/libstm32cube.a(stm32f0xx_hal_rcc_ex.o)
                0x08004b90                HAL_RCC_ClockConfig
 .text.HAL_RCC_GetSysClockFreq
                0x08004d98       0x70 binary/STM32Cube/libstm32cube.a(stm32f0xx_hal_rcc_ex.o)
                0x08004d98                HAL_RCC_GetSysClockFreq
 .text.HAL_RCCEx_PeriphCLKConfig
                0x08004e08       0xf8 binary/STM32Cube/libstm32cube.a(stm32f0xx_hal_rcc_ex.o)
                0x08004e08                HAL_RCCEx_PeriphCLKConfig
 .text.I2C_IsAcknowledgeFailed
                0x08004f00       0xa0 binary/STM32Cube/libstm32cube.a(stm32f0xx_hal_i2c.o)
 .text.I2C_WaitOnFlagUntilTimeout
                0x08004fa0       0x6a binary/STM32Cube/libstm32cube.a(stm32f0xx_hal_i2c.o)
 .text.I2C_WaitOnSTOPFlagUntilTimeout
                0x0800500a       0x58 binary/STM32Cube/libstm32cube.a(stm32f0xx_hal_i2c.o)
 .text.HAL_I2C_MspInit
                0x08005062        0x2 binary/STM32Cube/libstm32cube.a(stm32f0xx_hal_i2c.o)
                0x08005062                HAL_I2C_MspInit
 .text.HAL_I2C_Init
                0x08005064       0x9c binary/STM32Cube/libstm32cube.a(stm32f0xx_hal_i2c.o)
                0x08005064                HAL_I2C_Init
 .text.HAL_I2C_Slave_Receive
                0x08005100      0x174 binary/STM32Cube/libstm32cube.a(stm32f0xx_hal_i2c.o)
                0x08005100                HAL_I2C_Slave_Receive
 .text.HAL_I2C_IsDeviceReady
                0x08005274      0x114 binary/STM32Cube/libstm32cube.a(stm32f0xx_hal_i2c.o)
                0x08005274                HAL_I2C_IsDeviceReady
 .text.HAL_UART_MspInit
                0x08005388        0x2 binary/STM32Cube/libstm32cube.a(stm32f0xx_hal_uart.o)
                0x08005388                HAL_UART_MspInit
 *fill*         0x0800538a        0x2 
 .text.HAL_UART_Receive_IT
                0x0800538c       0xac binary/STM32Cube/libstm32cube.a(stm32f0xx_hal_uart.o)
                0x0800538c                HAL_UART_Receive_IT
 .text.HAL_UART_TxCpltCallback
                0x08005438        0x2 binary/STM32Cube/libstm32cube.a(stm32f0xx_hal_uart.o)
                0x08005438                HAL_UART_TxCpltCallback
 .text.HAL_UART_ErrorCallback
                0x0800543a        0x2 binary/STM32Cube/libstm32cube.a(stm32f0xx_hal_uart.o)
                0x0800543a                HAL_UART_ErrorCallback
 .text.UART_Transmit_IT
                0x0800543c       0x62 binary/STM32Cube/libstm32cube.a(stm32f0xx_hal_uart.o)
                0x0800543c                UART_Transmit_IT
 *fill*         0x0800549e        0x2 
 .text.UART_Receive_IT
                0x080054a0       0x8c binary/STM32Cube/libstm32cube.a(stm32f0xx_hal_uart.o)
                0x080054a0                UART_Receive_IT
 .text.UART_WaitOnFlagUntilTimeout
                0x0800552c       0x90 binary/STM32Cube/libstm32cube.a(stm32f0xx_hal_uart.o)
                0x0800552c                UART_WaitOnFlagUntilTimeout
 .text.HAL_UART_Transmit
                0x080055bc       0xb8 binary/STM32Cube/libstm32cube.a(stm32f0xx_hal_uart.o)
                0x080055bc                HAL_UART_Transmit
 .text.UART_CheckIdleState
                0x08005674       0x58 binary/STM32Cube/libstm32cube.a(stm32f0xx_hal_uart.o)
                0x08005674                UART_CheckIdleState
 .text.UART_SetConfig
                0x080056cc      0x11c binary/STM32Cube/libstm32cube.a(stm32f0xx_hal_uart.o)
                0x080056cc                UART_SetConfig
 .text.UART_AdvFeatureConfig
                0x080057e8       0xd0 binary/STM32Cube/libstm32cube.a(stm32f0xx_hal_uart.o)
                0x080057e8                UART_AdvFeatureConfig
 .text.HAL_UART_Init
                0x080058b8       0x64 binary/STM32Cube/libstm32cube.a(stm32f0xx_hal_uart.o)
                0x080058b8                HAL_UART_Init
 .text.HAL_NVIC_SetPriority
                0x0800591c       0x64 binary/STM32Cube/libstm32cube.a(stm32f0xx_hal_cortex.o)
                0x0800591c                HAL_NVIC_SetPriority
 .text.HAL_NVIC_EnableIRQ
                0x08005980       0x14 binary/STM32Cube/libstm32cube.a(stm32f0xx_hal_cortex.o)
                0x08005980                HAL_NVIC_EnableIRQ
 .text.HAL_SYSTICK_Config
                0x08005994       0x38 binary/STM32Cube/libstm32cube.a(stm32f0xx_hal_cortex.o)
                0x08005994                HAL_SYSTICK_Config
 .text.HAL_SYSTICK_CLKSourceConfig
                0x080059cc       0x1c binary/STM32Cube/libstm32cube.a(stm32f0xx_hal_cortex.o)
                0x080059cc                HAL_SYSTICK_CLKSourceConfig
 .text.HAL_SYSTICK_Callback
                0x080059e8        0x2 binary/STM32Cube/libstm32cube.a(stm32f0xx_hal_cortex.o)
                0x080059e8                HAL_SYSTICK_Callback
 .text.HAL_SYSTICK_IRQHandler
                0x080059ea        0x8 binary/STM32Cube/libstm32cube.a(stm32f0xx_hal_cortex.o)
                0x080059ea                HAL_SYSTICK_IRQHandler
 .text.HAL_UART_WakeupCallback
                0x080059f2        0x2 binary/STM32Cube/libstm32cube.a(stm32f0xx_hal_uart_ex.o)
                0x080059f2                HAL_UART_WakeupCallback
 .text.HAL_UART_IRQHandler
                0x080059f4      0x120 binary/STM32Cube/libstm32cube.a(stm32f0xx_hal_uart_ex.o)
                0x080059f4                HAL_UART_IRQHandler
 .text.HAL_RCC_GetHCLKFreq
                0x08005b14       0x28 binary/STM32Cube/libstm32cube.a(stm32f0xx_hal_rcc.o)
                0x08005b14                HAL_RCC_GetHCLKFreq
 .text.HAL_RCC_GetPCLK1Freq
                0x08005b3c       0x20 binary/STM32Cube/libstm32cube.a(stm32f0xx_hal_rcc.o)
                0x08005b3c                HAL_RCC_GetPCLK1Freq
 *(.glue_7)
 .glue_7        0x00000000        0x0 linker stubs
 *(.glue_7t)
 .glue_7t       0x00000000        0x0 linker stubs
 *(.eh_frame)
 .eh_frame      0x08005b5c        0x0 /usr/share/gcc-arm/bin/../lib/gcc/arm-none-eabi/4.8.3/armv6-m/crtbegin.o
 *(.init)
 .init          0x08005b5c        0x4 /usr/share/gcc-arm/bin/../lib/gcc/arm-none-eabi/4.8.3/armv6-m/crti.o
                0x08005b5c                _init
 .init          0x08005b60        0x8 /usr/share/gcc-arm/bin/../lib/gcc/arm-none-eabi/4.8.3/armv6-m/crtn.o
 *(.fini)
 .fini          0x08005b68        0x4 /usr/share/gcc-arm/bin/../lib/gcc/arm-none-eabi/4.8.3/armv6-m/crti.o
                0x08005b68                _fini
 .fini          0x08005b6c        0x8 /usr/share/gcc-arm/bin/../lib/gcc/arm-none-eabi/4.8.3/armv6-m/crtn.o
                0x08005b74                . = ALIGN (0x4)
                0x08005b74                _etext = .

.vfp11_veneer   0x08005b74        0x0
 .vfp11_veneer  0x00000000        0x0 linker stubs

.v4_bx          0x08005b74        0x0
 .v4_bx         0x00000000        0x0 linker stubs

.iplt           0x08005b74        0x0
 .iplt          0x00000000        0x0 /usr/share/gcc-arm/bin/../lib/gcc/arm-none-eabi/4.8.3/armv6-m/crtbegin.o

.rodata         0x08005b74      0x250
                0x08005b74                . = ALIGN (0x4)
 *(.rodata)
 *(.rodata*)
 .rodata.str1.1
                0x08005b74       0xea binary/user/tui.o
                                0x108 (size before relaxing)
 .rodata.str1.1
                0x08005c5e        0xf binary/user/diag.o
 .rodata.str1.1
                0x08005c6d       0x2d binary/user/usbd_desc.o
 .rodata.str1.1
                0x08005c9a       0xf6 binary/user/main.o
                                 0xf9 (size before relaxing)
 .rodata.PredivFactorTable
                0x08005d90       0x10 binary/STM32Cube/libstm32cube.a(stm32f0xx_hal_rcc_ex.o)
                0x08005d90                PredivFactorTable
 .rodata.PLLMULFactorTable
                0x08005da0       0x10 binary/STM32Cube/libstm32cube.a(stm32f0xx_hal_rcc_ex.o)
                0x08005da0                PLLMULFactorTable
 .rodata.CSWTCH.38
                0x08005db0        0x4 binary/STM32Cube/libstm32cube.a(stm32f0xx_hal_uart.o)
 .rodata.APBAHBPrescTable
                0x08005db4       0x10 binary/STM32Cube/libstm32cube.a(stm32f0xx_hal_rcc.o)
                0x08005db4                APBAHBPrescTable
                0x08005dc4                . = ALIGN (0x4)

.rel.dyn        0x08005dc4        0x0
 .rel.iplt      0x00000000        0x0 /usr/share/gcc-arm/bin/../lib/gcc/arm-none-eabi/4.8.3/armv6-m/crtbegin.o

.ARM.extab
 *(.ARM.extab* .gnu.linkonce.armextab.*)

.ARM            0x08005dc4        0x0
                0x08005dc4                __exidx_start = .
 *(.ARM.exidx*)
                0x08005dc4                __exidx_end = .

.preinit_array  0x08005dc4        0x0
                0x08005dc4                PROVIDE (__preinit_array_start, .)
 *(.preinit_array*)
                0x08005dc4                PROVIDE (__preinit_array_end, .)

.init_array     0x08005dc4        0x4
                0x08005dc4                PROVIDE (__init_array_start, .)
 *(SORT(.init_array.*))
 *(.init_array*)
 .init_array    0x08005dc4        0x4 /usr/share/gcc-arm/bin/../lib/gcc/arm-none-eabi/4.8.3/armv6-m/crtbegin.o
                0x08005dc8                PROVIDE (__init_array_end, .)

.fini_array     0x08005dc8        0x4
                0x08005dc8                PROVIDE (__fini_array_start, .)
 *(SORT(.fini_array.*))
 *(.fini_array*)
 .fini_array    0x08005dc8        0x4 /usr/share/gcc-arm/bin/../lib/gcc/arm-none-eabi/4.8.3/armv6-m/crtbegin.o
                0x08005dcc                PROVIDE (__fini_array_end, .)
                0x08005dcc                _sidata = LOADADDR (.data)

.data           0x20000000      0x1c0 load address 0x08005dcc
                0x20000000                . = ALIGN (0x4)
                0x20000000                _sdata = .
 *(.data)
 *(.data*)
 .data.tests    0x20000000       0x2c binary/user/tui.o
                0x20000000                tests
 .data.USBD_Interface_fops_FS
                0x2000002c       0x10 binary/user/usbd_cdc_if.o
                0x2000002c                USBD_Interface_fops_FS
 .data.FS_Desc  0x2000003c       0x1c binary/user/usbd_desc.o
                0x2000003c                FS_Desc
 .data.USBD_LangIDDesc
                0x20000058        0x4 binary/user/usbd_desc.o
                0x20000058                USBD_LangIDDesc
 .data.USBD_FS_DeviceDesc
                0x2000005c       0x14 binary/user/usbd_desc.o
                0x2000005c                USBD_FS_DeviceDesc
 .data.SystemCoreClock
                0x20000070        0x4 binary/user/system_stm32f0xx.o
                0x20000070                SystemCoreClock
 .data.count    0x20000074        0x1 binary/user/main.o
                0x20000074                count
 *fill*         0x20000075        0x3 
 .data.menu     0x20000078       0x38 binary/user/main.o
                0x20000078                menu
 .data.USBD_CDC_CfgFSDesc
                0x200000b0       0x44 binary/usb/usbd_cdc.o
                0x200000b0                USBD_CDC_CfgFSDesc
 .data.USBD_CDC
                0x200000f4       0x38 binary/usb/usbd_cdc.o
                0x200000f4                USBD_CDC
 .data.USBD_CDC_DeviceQualifierDesc
                0x2000012c        0xc binary/usb/usbd_cdc.o
 .data.USBD_CDC_OtherSpeedCfgDesc
                0x20000138       0x44 binary/usb/usbd_cdc.o
                0x20000138                USBD_CDC_OtherSpeedCfgDesc
 .data.USBD_CDC_CfgHSDesc
                0x2000017c       0x44 binary/usb/usbd_cdc.o
                0x2000017c                USBD_CDC_CfgHSDesc
                0x200001c0                . = ALIGN (0x4)
                0x200001c0                _edata = .

.jcr            0x200001c0        0x0 load address 0x08005f8c
 .jcr           0x200001c0        0x0 /usr/share/gcc-arm/bin/../lib/gcc/arm-none-eabi/4.8.3/armv6-m/crtbegin.o

.tm_clone_table
                0x200001c0        0x0 load address 0x08005f8c
 .tm_clone_table
                0x200001c0        0x0 /usr/share/gcc-arm/bin/../lib/gcc/arm-none-eabi/4.8.3/armv6-m/crtbegin.o
 .tm_clone_table
                0x200001c0        0x0 /usr/share/gcc-arm/bin/../lib/gcc/arm-none-eabi/4.8.3/armv6-m/crtend.o

.igot.plt       0x200001c0        0x0 load address 0x08005f8c
 .igot.plt      0x00000000        0x0 /usr/share/gcc-arm/bin/../lib/gcc/arm-none-eabi/4.8.3/armv6-m/crtbegin.o
                0x200001c0                . = ALIGN (0x4)

.bss            0x200001c0      0xd0c load address 0x08005f8c
                0x200001c0                _sbss = .
                0x200001c0                __bss_start__ = _sbss
 *(.bss)
 .bss           0x200001c0       0x1c /usr/share/gcc-arm/bin/../lib/gcc/arm-none-eabi/4.8.3/armv6-m/crtbegin.o
 *(.bss*)
 .bss.last_choice.7616
                0x200001dc        0x1 binary/user/tui.o
 .bss.count.7615
                0x200001dd        0x1 binary/user/tui.o
 .bss.UART_RX_buff_index
                0x200001de        0x1 binary/user/diag.o
                0x200001de                UART_RX_buff_index
 .bss.test_state
                0x200001df        0x1 binary/user/diag.o
                0x200001df                test_state
 .bss.last_on   0x200001e0        0x4 binary/user/diag.o
 .bss.last_state
                0x200001e4        0x1 binary/user/diag.o
 *fill*         0x200001e5        0x3 
 .bss.last_off  0x200001e8        0x4 binary/user/diag.o
 .bss.mem.7611  0x200001ec      0x400 binary/user/usbd_conf.o
 .bss.remotewakeupon
                0x200005ec        0x4 binary/user/usbd_conf.o
                0x200005ec                remotewakeupon
 .bss.last_test
                0x200005f0        0x4 binary/user/main.o
 .bss.auto_diag_enable
                0x200005f4        0x1 binary/user/main.o
                0x200005f4                auto_diag_enable
 .bss.usb_rx_buff
                0x200005f5        0xa binary/user/main.o
                0x200005f5                usb_rx_buff
 .bss.cfgidx.7589
                0x200005ff        0x1 binary/usb/usbd_ctlreq.o
 .bss.uwTick    0x20000600        0x4 binary/STM32Cube/libstm32cube.a(stm32f0xx_hal.o)
 *(COMMON)
 COMMON         0x20000604       0x6d binary/user/uart.o
                0x20000604                UARTHandle
                0x20000670                UART_rxData
 *fill*         0x20000671        0x3 
 COMMON         0x20000674       0x64 binary/user/spi.o
                0x20000674                SPI_rxData
                0x20000678                spi
 COMMON         0x200006d8       0x3c binary/user/i2c.o
                0x200006d8                I2C_rxData
                0x200006dc                i2c
 COMMON         0x20000714       0xdc binary/user/can.o
                0x20000714                prescaler
                0x20000718                hcan
                0x20000754                bus_state
                0x20000758                rx_msg
                0x20000794                filter
                0x200007bc                txframe
 COMMON         0x200007f0       0x3c binary/user/tui.o
                0x200007f0                test_results
 COMMON         0x2000082c       0x14 binary/user/diag.o
                0x2000082c                UART_RxBuffer
 COMMON         0x20000840      0x220 binary/user/usbd_conf.o
                0x20000840                hpcd_USB_FS
 COMMON         0x20000a60       0x44 binary/user/usbd_cdc_if.o
                0x20000a60                hUsbDevice_0
                0x20000a64                UserRxBufferFS
                0x20000a84                UserTxBufferFS
 COMMON         0x20000aa4      0x224 binary/user/usb_device.o
                0x20000aa4                hUsbDeviceFS
 COMMON         0x20000cc8      0x200 binary/user/usbd_desc.o
                0x20000cc8                USBD_StrDesc
 COMMON         0x20000ec8        0x1 binary/user/main.o
                0x20000ec8                test_no
                0x20000ecc                . = ALIGN (0x4)
 *fill*         0x20000ec9        0x3 
                0x20000ecc                _ebss = .
                0x20000ecc                __bss_end__ = _ebss

._user_heap_stack
                0x20000ecc      0x400 load address 0x08005f8c
                0x20000ecc                . = ALIGN (0x4)
                0x20000ecc                PROVIDE (end, .)
                0x20000ecc                PROVIDE (_end, .)
                0x20000ecc                . = (. + _Min_Heap_Size)
                0x200012cc                . = (. + _Min_Stack_Size)
 *fill*         0x20000ecc      0x400 
                0x200012cc                . = ALIGN (0x4)

/DISCARD/
 libc.a(*)
 libm.a(*)
 libgcc.a(*)

.ARM.attributes
                0x00000000       0x2d
 *(.ARM.attributes)
 .ARM.attributes
                0x00000000       0x1d /usr/share/gcc-arm/bin/../lib/gcc/arm-none-eabi/4.8.3/armv6-m/crti.o
 .ARM.attributes
                0x0000001d       0x2b /usr/share/gcc-arm/bin/../lib/gcc/arm-none-eabi/4.8.3/armv6-m/crtbegin.o
 .ARM.attributes
                0x00000048       0x31 binary/user/uart.o
 .ARM.attributes
                0x00000079       0x31 binary/user/spi.o
 .ARM.attributes
                0x000000aa       0x31 binary/user/i2c.o
 .ARM.attributes
                0x000000db       0x31 binary/user/can.o
 .ARM.attributes
                0x0000010c       0x31 binary/user/tui.o
 .ARM.attributes
                0x0000013d       0x31 binary/user/connector_pin.o
 .ARM.attributes
                0x0000016e       0x31 binary/user/led.o
 .ARM.attributes
                0x0000019f       0x31 binary/user/diag.o
 .ARM.attributes
                0x000001d0       0x31 binary/user/system_config.o
 .ARM.attributes
                0x00000201       0x31 binary/user/usbd_conf.o
 .ARM.attributes
                0x00000232       0x31 binary/user/usbd_cdc_if.o
 .ARM.attributes
                0x00000263       0x31 binary/user/usb_device.o
 .ARM.attributes
                0x00000294       0x31 binary/user/usbd_desc.o
 .ARM.attributes
                0x000002c5       0x31 binary/user/stm32f0xx_it.o
 .ARM.attributes
                0x000002f6       0x31 binary/user/system_stm32f0xx.o
 .ARM.attributes
                0x00000327       0x31 binary/user/main.o
 .ARM.attributes
                0x00000358       0x21 binary/user/startup_stm32f042x6.o
 .ARM.attributes
                0x00000379       0x31 binary/usb/usbd_ctlreq.o
 .ARM.attributes
                0x000003aa       0x31 binary/usb/usbd_ioreq.o
 .ARM.attributes
                0x000003db       0x31 binary/usb/usbd_core.o
 .ARM.attributes
                0x0000040c       0x31 binary/usb/usbd_cdc.o
 .ARM.attributes
                0x0000043d       0x31 binary/STM32Cube/libstm32cube.a(stm32f0xx_hal.o)
 .ARM.attributes
                0x0000046e       0x31 binary/STM32Cube/libstm32cube.a(stm32f0xx_hal_pcd_ex.o)
 .ARM.attributes
                0x0000049f       0x31 binary/STM32Cube/libstm32cube.a(stm32f0xx_hal_can.o)
 .ARM.attributes
                0x000004d0       0x31 binary/STM32Cube/libstm32cube.a(stm32f0xx_hal_pcd.o)
 .ARM.attributes
                0x00000501       0x31 binary/STM32Cube/libstm32cube.a(stm32f0xx_hal_spi.o)
 .ARM.attributes
                0x00000532       0x31 binary/STM32Cube/libstm32cube.a(stm32f0xx_hal_gpio.o)
 .ARM.attributes
                0x00000563       0x31 binary/STM32Cube/libstm32cube.a(stm32f0xx_hal_rcc_ex.o)
 .ARM.attributes
                0x00000594       0x31 binary/STM32Cube/libstm32cube.a(stm32f0xx_hal_i2c.o)
 .ARM.attributes
                0x000005c5       0x31 binary/STM32Cube/libstm32cube.a(stm32f0xx_hal_uart.o)
 .ARM.attributes
                0x000005f6       0x31 binary/STM32Cube/libstm32cube.a(stm32f0xx_hal_cortex.o)
 .ARM.attributes
                0x00000627       0x31 binary/STM32Cube/libstm32cube.a(stm32f0xx_hal_uart_ex.o)
 .ARM.attributes
                0x00000658       0x31 binary/STM32Cube/libstm32cube.a(stm32f0xx_hal_rcc.o)
 .ARM.attributes
                0x00000689       0x2b /usr/share/gcc-arm/bin/../lib/gcc/arm-none-eabi/4.8.3/../../../../arm-none-eabi/lib/armv6-m/libc.a(lib_a-init.o)
 .ARM.attributes
                0x000006b4       0x2b /usr/share/gcc-arm/bin/../lib/gcc/arm-none-eabi/4.8.3/../../../../arm-none-eabi/lib/armv6-m/libc.a(lib_a-memset.o)
 .ARM.attributes
                0x000006df       0x1c /usr/share/gcc-arm/bin/../lib/gcc/arm-none-eabi/4.8.3/../../../../arm-none-eabi/lib/armv6-m/libc.a(lib_a-strcmp.o)
 .ARM.attributes
                0x000006fb       0x2b /usr/share/gcc-arm/bin/../lib/gcc/arm-none-eabi/4.8.3/../../../../arm-none-eabi/lib/armv6-m/libc.a(lib_a-strcpy.o)
 .ARM.attributes
                0x00000726       0x2b /usr/share/gcc-arm/bin/../lib/gcc/arm-none-eabi/4.8.3/../../../../arm-none-eabi/lib/armv6-m/libc.a(lib_a-strlen.o)
 .ARM.attributes
                0x00000751       0x2b /usr/share/gcc-arm/bin/../lib/gcc/arm-none-eabi/4.8.3/../../../../arm-none-eabi/lib/armv6-m/libc.a(lib_a-strstr.o)
 .ARM.attributes
                0x0000077c       0x2b /usr/share/gcc-arm/bin/../lib/gcc/arm-none-eabi/4.8.3/../../../../arm-none-eabi/lib/armv6-m/libc.a(lib_a-memchr-stub.o)
 .ARM.attributes
                0x000007a7       0x2b /usr/share/gcc-arm/bin/../lib/gcc/arm-none-eabi/4.8.3/../../../../arm-none-eabi/lib/armv6-m/libc.a(lib_a-memcmp.o)
 .ARM.attributes
                0x000007d2       0x2b /usr/share/gcc-arm/bin/../lib/gcc/arm-none-eabi/4.8.3/../../../../arm-none-eabi/lib/armv6-m/libc.a(lib_a-strchr.o)
 .ARM.attributes
                0x000007fd       0x1d /usr/share/gcc-arm/bin/../lib/gcc/arm-none-eabi/4.8.3/armv6-m/libgcc.a(_thumb1_case_uqi.o)
 .ARM.attributes
                0x0000081a       0x1d /usr/share/gcc-arm/bin/../lib/gcc/arm-none-eabi/4.8.3/armv6-m/libgcc.a(_thumb1_case_uhi.o)
 .ARM.attributes
                0x00000837       0x1d /usr/share/gcc-arm/bin/../lib/gcc/arm-none-eabi/4.8.3/armv6-m/libgcc.a(_udivsi3.o)
 .ARM.attributes
                0x00000854       0x1d /usr/share/gcc-arm/bin/../lib/gcc/arm-none-eabi/4.8.3/armv6-m/libgcc.a(_dvmd_tls.o)
 .ARM.attributes
                0x00000871       0x2b /usr/share/gcc-arm/bin/../lib/gcc/arm-none-eabi/4.8.3/armv6-m/crtend.o
 .ARM.attributes
                0x0000089c       0x1d /usr/share/gcc-arm/bin/../lib/gcc/arm-none-eabi/4.8.3/armv6-m/crtn.o
OUTPUT(binary/CANtact_diag.elf elf32-littlearm)

.debug_info     0x00000000    0x15e27
 .debug_info    0x00000000      0xc83 binary/user/uart.o
 .debug_info    0x00000c83      0xc55 binary/user/spi.o
 .debug_info    0x000018d8      0xc90 binary/user/i2c.o
 .debug_info    0x00002568      0xeb2 binary/user/can.o
 .debug_info    0x0000341a      0x822 binary/user/tui.o
 .debug_info    0x00003c3c      0x342 binary/user/connector_pin.o
 .debug_info    0x00003f7e      0x405 binary/user/led.o
 .debug_info    0x00004383     0x1080 binary/user/diag.o
 .debug_info    0x00005403      0x545 binary/user/system_config.o
 .debug_info    0x00005948     0x1648 binary/user/usbd_conf.o
 .debug_info    0x00006f90      0x78c binary/user/usbd_cdc_if.o
 .debug_info    0x0000771c      0x61e binary/user/usb_device.o
 .debug_info    0x00007d3a      0x540 binary/user/usbd_desc.o
 .debug_info    0x0000827a      0x9d1 binary/user/stm32f0xx_it.o
 .debug_info    0x00008c4b      0x1f8 binary/user/system_stm32f0xx.o
 .debug_info    0x00008e43      0x5ae binary/user/main.o
 .debug_info    0x000093f1       0x95 binary/user/startup_stm32f042x6.o
 .debug_info    0x00009486      0xbe8 binary/usb/usbd_ctlreq.o
 .debug_info    0x0000a06e      0x743 binary/usb/usbd_ioreq.o
 .debug_info    0x0000a7b1      0xc61 binary/usb/usbd_core.o
 .debug_info    0x0000b412      0xc90 binary/usb/usbd_cdc.o
 .debug_info    0x0000c0a2      0x51f binary/STM32Cube/libstm32cube.a(stm32f0xx_hal.o)
 .debug_info    0x0000c5c1      0x513 binary/STM32Cube/libstm32cube.a(stm32f0xx_hal_pcd_ex.o)
 .debug_info    0x0000cad4      0xb60 binary/STM32Cube/libstm32cube.a(stm32f0xx_hal_can.o)
 .debug_info    0x0000d634     0x1227 binary/STM32Cube/libstm32cube.a(stm32f0xx_hal_pcd.o)
 .debug_info    0x0000e85b     0x1786 binary/STM32Cube/libstm32cube.a(stm32f0xx_hal_spi.o)
 .debug_info    0x0000ffe1      0x5c0 binary/STM32Cube/libstm32cube.a(stm32f0xx_hal_gpio.o)
 .debug_info    0x000105a1      0x94a binary/STM32Cube/libstm32cube.a(stm32f0xx_hal_rcc_ex.o)
 .debug_info    0x00010eeb     0x2510 binary/STM32Cube/libstm32cube.a(stm32f0xx_hal_i2c.o)
 .debug_info    0x000133fb     0x1242 binary/STM32Cube/libstm32cube.a(stm32f0xx_hal_uart.o)
 .debug_info    0x0001463d      0x752 binary/STM32Cube/libstm32cube.a(stm32f0xx_hal_cortex.o)
 .debug_info    0x00014d8f      0xa08 binary/STM32Cube/libstm32cube.a(stm32f0xx_hal_uart_ex.o)
 .debug_info    0x00015797      0x690 binary/STM32Cube/libstm32cube.a(stm32f0xx_hal_rcc.o)

.debug_abbrev   0x00000000     0x3f35
 .debug_abbrev  0x00000000      0x281 binary/user/uart.o
 .debug_abbrev  0x00000281      0x1ff binary/user/spi.o
 .debug_abbrev  0x00000480      0x219 binary/user/i2c.o
 .debug_abbrev  0x00000699      0x261 binary/user/can.o
 .debug_abbrev  0x000008fa      0x150 binary/user/tui.o
 .debug_abbrev  0x00000a4a      0x14a binary/user/connector_pin.o
 .debug_abbrev  0x00000b94      0x164 binary/user/led.o
 .debug_abbrev  0x00000cf8      0x264 binary/user/diag.o
 .debug_abbrev  0x00000f5c      0x198 binary/user/system_config.o
 .debug_abbrev  0x000010f4      0x2c0 binary/user/usbd_conf.o
 .debug_abbrev  0x000013b4      0x248 binary/user/usbd_cdc_if.o
 .debug_abbrev  0x000015fc      0x16a binary/user/usb_device.o
 .debug_abbrev  0x00001766      0x1b8 binary/user/usbd_desc.o
 .debug_abbrev  0x0000191e      0x17f binary/user/stm32f0xx_it.o
 .debug_abbrev  0x00001a9d       0xf0 binary/user/system_stm32f0xx.o
 .debug_abbrev  0x00001b8d      0x190 binary/user/main.o
 .debug_abbrev  0x00001d1d       0x12 binary/user/startup_stm32f042x6.o
 .debug_abbrev  0x00001d2f      0x2ac binary/usb/usbd_ctlreq.o
 .debug_abbrev  0x00001fdb      0x152 binary/usb/usbd_ioreq.o
 .debug_abbrev  0x0000212d      0x271 binary/usb/usbd_core.o
 .debug_abbrev  0x0000239e      0x25e binary/usb/usbd_cdc.o
 .debug_abbrev  0x000025fc      0x1da binary/STM32Cube/libstm32cube.a(stm32f0xx_hal.o)
 .debug_abbrev  0x000027d6      0x12f binary/STM32Cube/libstm32cube.a(stm32f0xx_hal_pcd_ex.o)
 .debug_abbrev  0x00002905      0x201 binary/STM32Cube/libstm32cube.a(stm32f0xx_hal_can.o)
 .debug_abbrev  0x00002b06      0x2e5 binary/STM32Cube/libstm32cube.a(stm32f0xx_hal_pcd.o)
 .debug_abbrev  0x00002deb      0x2b8 binary/STM32Cube/libstm32cube.a(stm32f0xx_hal_spi.o)
 .debug_abbrev  0x000030a3      0x1b7 binary/STM32Cube/libstm32cube.a(stm32f0xx_hal_gpio.o)
 .debug_abbrev  0x0000325a      0x213 binary/STM32Cube/libstm32cube.a(stm32f0xx_hal_rcc_ex.o)
 .debug_abbrev  0x0000346d      0x28d binary/STM32Cube/libstm32cube.a(stm32f0xx_hal_i2c.o)
 .debug_abbrev  0x000036fa      0x1dd binary/STM32Cube/libstm32cube.a(stm32f0xx_hal_uart.o)
 .debug_abbrev  0x000038d7      0x239 binary/STM32Cube/libstm32cube.a(stm32f0xx_hal_cortex.o)
 .debug_abbrev  0x00003b10      0x20d binary/STM32Cube/libstm32cube.a(stm32f0xx_hal_uart_ex.o)
 .debug_abbrev  0x00003d1d      0x218 binary/STM32Cube/libstm32cube.a(stm32f0xx_hal_rcc.o)

.debug_loc      0x00000000     0x91c1
 .debug_loc     0x00000000      0x15a binary/user/uart.o
 .debug_loc     0x0000015a      0x1b9 binary/user/spi.o
 .debug_loc     0x00000313      0x2c6 binary/user/i2c.o
 .debug_loc     0x000005d9      0x1eb binary/user/can.o
 .debug_loc     0x000007c4      0x413 binary/user/tui.o
 .debug_loc     0x00000bd7       0x32 binary/user/led.o
 .debug_loc     0x00000c09       0x78 binary/user/diag.o
 .debug_loc     0x00000c81      0x711 binary/user/usbd_conf.o
 .debug_loc     0x00001392      0x195 binary/user/usbd_cdc_if.o
 .debug_loc     0x00001527      0x291 binary/user/usbd_desc.o
 .debug_loc     0x000017b8       0xe0 binary/user/system_stm32f0xx.o
 .debug_loc     0x00001898      0x10d binary/user/main.o
 .debug_loc     0x000019a5      0x623 binary/usb/usbd_ctlreq.o
 .debug_loc     0x00001fc8      0x24a binary/usb/usbd_ioreq.o
 .debug_loc     0x00002212      0x661 binary/usb/usbd_core.o
 .debug_loc     0x00002873      0x4bb binary/usb/usbd_cdc.o
 .debug_loc     0x00002d2e       0x6a binary/STM32Cube/libstm32cube.a(stm32f0xx_hal.o)
 .debug_loc     0x00002d98       0xd4 binary/STM32Cube/libstm32cube.a(stm32f0xx_hal_pcd_ex.o)
 .debug_loc     0x00002e6c      0x4a2 binary/STM32Cube/libstm32cube.a(stm32f0xx_hal_can.o)
 .debug_loc     0x0000330e      0xe89 binary/STM32Cube/libstm32cube.a(stm32f0xx_hal_pcd.o)
 .debug_loc     0x00004197     0x1102 binary/STM32Cube/libstm32cube.a(stm32f0xx_hal_spi.o)
 .debug_loc     0x00005299      0x4d3 binary/STM32Cube/libstm32cube.a(stm32f0xx_hal_gpio.o)
 .debug_loc     0x0000576c      0x4f1 binary/STM32Cube/libstm32cube.a(stm32f0xx_hal_rcc_ex.o)
 .debug_loc     0x00005c5d     0x210c binary/STM32Cube/libstm32cube.a(stm32f0xx_hal_i2c.o)
 .debug_loc     0x00007d69      0xd70 binary/STM32Cube/libstm32cube.a(stm32f0xx_hal_uart.o)
 .debug_loc     0x00008ad9      0x2c0 binary/STM32Cube/libstm32cube.a(stm32f0xx_hal_cortex.o)
 .debug_loc     0x00008d99      0x36d binary/STM32Cube/libstm32cube.a(stm32f0xx_hal_uart_ex.o)
 .debug_loc     0x00009106       0xbb binary/STM32Cube/libstm32cube.a(stm32f0xx_hal_rcc.o)

.debug_aranges  0x00000000     0x10b0
 .debug_aranges
                0x00000000       0x60 binary/user/uart.o
 .debug_aranges
                0x00000060       0x68 binary/user/spi.o
 .debug_aranges
                0x000000c8       0x70 binary/user/i2c.o
 .debug_aranges
                0x00000138       0x90 binary/user/can.o
 .debug_aranges
                0x000001c8       0x70 binary/user/tui.o
 .debug_aranges
                0x00000238       0x38 binary/user/connector_pin.o
 .debug_aranges
                0x00000270       0x50 binary/user/led.o
 .debug_aranges
                0x000002c0       0x80 binary/user/diag.o
 .debug_aranges
                0x00000340       0x28 binary/user/system_config.o
 .debug_aranges
                0x00000368      0x110 binary/user/usbd_conf.o
 .debug_aranges
                0x00000478       0x40 binary/user/usbd_cdc_if.o
 .debug_aranges
                0x000004b8       0x20 binary/user/usb_device.o
 .debug_aranges
                0x000004d8       0x58 binary/user/usbd_desc.o
 .debug_aranges
                0x00000530       0x30 binary/user/stm32f0xx_it.o
 .debug_aranges
                0x00000560       0x28 binary/user/system_stm32f0xx.o
 .debug_aranges
                0x00000588       0x40 binary/user/main.o
 .debug_aranges
                0x000005c8       0x28 binary/user/startup_stm32f042x6.o
 .debug_aranges
                0x000005f0       0x48 binary/usb/usbd_ctlreq.o
 .debug_aranges
                0x00000638       0x50 binary/usb/usbd_ioreq.o
 .debug_aranges
                0x00000688       0xb8 binary/usb/usbd_core.o
 .debug_aranges
                0x00000740       0x90 binary/usb/usbd_cdc.o
 .debug_aranges
                0x000007d0       0xa0 binary/STM32Cube/libstm32cube.a(stm32f0xx_hal.o)
 .debug_aranges
                0x00000870       0x20 binary/STM32Cube/libstm32cube.a(stm32f0xx_hal_pcd_ex.o)
 .debug_aranges
                0x00000890       0xa8 binary/STM32Cube/libstm32cube.a(stm32f0xx_hal_can.o)
 .debug_aranges
                0x00000938      0x128 binary/STM32Cube/libstm32cube.a(stm32f0xx_hal_pcd.o)
 .debug_aranges
                0x00000a60      0x168 binary/STM32Cube/libstm32cube.a(stm32f0xx_hal_spi.o)
 .debug_aranges
                0x00000bc8       0x58 binary/STM32Cube/libstm32cube.a(stm32f0xx_hal_gpio.o)
 .debug_aranges
                0x00000c20       0x60 binary/STM32Cube/libstm32cube.a(stm32f0xx_hal_rcc_ex.o)
 .debug_aranges
                0x00000c80      0x198 binary/STM32Cube/libstm32cube.a(stm32f0xx_hal_i2c.o)
 .debug_aranges
                0x00000e18      0x148 binary/STM32Cube/libstm32cube.a(stm32f0xx_hal_uart.o)
 .debug_aranges
                0x00000f60       0x78 binary/STM32Cube/libstm32cube.a(stm32f0xx_hal_cortex.o)
 .debug_aranges
                0x00000fd8       0x58 binary/STM32Cube/libstm32cube.a(stm32f0xx_hal_uart_ex.o)
 .debug_aranges
                0x00001030       0x80 binary/STM32Cube/libstm32cube.a(stm32f0xx_hal_rcc.o)

.debug_ranges   0x00000000     0x1080
 .debug_ranges  0x00000000       0x50 binary/user/uart.o
 .debug_ranges  0x00000050       0x58 binary/user/spi.o
 .debug_ranges  0x000000a8       0x60 binary/user/i2c.o
 .debug_ranges  0x00000108       0x80 binary/user/can.o
 .debug_ranges  0x00000188       0x60 binary/user/tui.o
 .debug_ranges  0x000001e8       0x28 binary/user/connector_pin.o
 .debug_ranges  0x00000210       0x40 binary/user/led.o
 .debug_ranges  0x00000250       0x70 binary/user/diag.o
 .debug_ranges  0x000002c0       0x18 binary/user/system_config.o
 .debug_ranges  0x000002d8      0x100 binary/user/usbd_conf.o
 .debug_ranges  0x000003d8       0x30 binary/user/usbd_cdc_if.o
 .debug_ranges  0x00000408       0x10 binary/user/usb_device.o
 .debug_ranges  0x00000418       0x90 binary/user/usbd_desc.o
 .debug_ranges  0x000004a8       0x20 binary/user/stm32f0xx_it.o
 .debug_ranges  0x000004c8       0x18 binary/user/system_stm32f0xx.o
 .debug_ranges  0x000004e0       0x30 binary/user/main.o
 .debug_ranges  0x00000510       0x20 binary/user/startup_stm32f042x6.o
 .debug_ranges  0x00000530       0x38 binary/usb/usbd_ctlreq.o
 .debug_ranges  0x00000568       0x40 binary/usb/usbd_ioreq.o
 .debug_ranges  0x000005a8       0xa8 binary/usb/usbd_core.o
 .debug_ranges  0x00000650       0x80 binary/usb/usbd_cdc.o
 .debug_ranges  0x000006d0       0x90 binary/STM32Cube/libstm32cube.a(stm32f0xx_hal.o)
 .debug_ranges  0x00000760       0x10 binary/STM32Cube/libstm32cube.a(stm32f0xx_hal_pcd_ex.o)
 .debug_ranges  0x00000770       0x98 binary/STM32Cube/libstm32cube.a(stm32f0xx_hal_can.o)
 .debug_ranges  0x00000808      0x1e8 binary/STM32Cube/libstm32cube.a(stm32f0xx_hal_pcd.o)
 .debug_ranges  0x000009f0      0x188 binary/STM32Cube/libstm32cube.a(stm32f0xx_hal_spi.o)
 .debug_ranges  0x00000b78       0x48 binary/STM32Cube/libstm32cube.a(stm32f0xx_hal_gpio.o)
 .debug_ranges  0x00000bc0       0x50 binary/STM32Cube/libstm32cube.a(stm32f0xx_hal_rcc_ex.o)
 .debug_ranges  0x00000c10      0x1a0 binary/STM32Cube/libstm32cube.a(stm32f0xx_hal_i2c.o)
 .debug_ranges  0x00000db0      0x138 binary/STM32Cube/libstm32cube.a(stm32f0xx_hal_uart.o)
 .debug_ranges  0x00000ee8       0xe0 binary/STM32Cube/libstm32cube.a(stm32f0xx_hal_cortex.o)
 .debug_ranges  0x00000fc8       0x48 binary/STM32Cube/libstm32cube.a(stm32f0xx_hal_uart_ex.o)
 .debug_ranges  0x00001010       0x70 binary/STM32Cube/libstm32cube.a(stm32f0xx_hal_rcc.o)

.debug_line     0x00000000     0x7170
 .debug_line    0x00000000      0x26f binary/user/uart.o
 .debug_line    0x0000026f      0x277 binary/user/spi.o
 .debug_line    0x000004e6      0x26d binary/user/i2c.o
 .debug_line    0x00000753      0x333 binary/user/can.o
 .debug_line    0x00000a86      0x305 binary/user/tui.o
 .debug_line    0x00000d8b      0x163 binary/user/connector_pin.o
 .debug_line    0x00000eee      0x1a5 binary/user/led.o
 .debug_line    0x00001093      0x365 binary/user/diag.o
 .debug_line    0x000013f8      0x1a7 binary/user/system_config.o
 .debug_line    0x0000159f      0x449 binary/user/usbd_conf.o
 .debug_line    0x000019e8      0x1a8 binary/user/usbd_cdc_if.o
 .debug_line    0x00001b90      0x12c binary/user/usb_device.o
 .debug_line    0x00001cbc      0x163 binary/user/usbd_desc.o
 .debug_line    0x00001e1f      0x1c1 binary/user/stm32f0xx_it.o
 .debug_line    0x00001fe0      0x10e binary/user/system_stm32f0xx.o
 .debug_line    0x000020ee      0x240 binary/user/main.o
 .debug_line    0x0000232e       0x89 binary/user/startup_stm32f042x6.o
 .debug_line    0x000023b7      0x21a binary/usb/usbd_ctlreq.o
 .debug_line    0x000025d1      0x15b binary/usb/usbd_ioreq.o
 .debug_line    0x0000272c      0x2d2 binary/usb/usbd_core.o
 .debug_line    0x000029fe      0x2c9 binary/usb/usbd_cdc.o
 .debug_line    0x00002cc7      0x2cd binary/STM32Cube/libstm32cube.a(stm32f0xx_hal.o)
 .debug_line    0x00002f94      0x153 binary/STM32Cube/libstm32cube.a(stm32f0xx_hal_pcd_ex.o)
 .debug_line    0x000030e7      0x592 binary/STM32Cube/libstm32cube.a(stm32f0xx_hal_can.o)
 .debug_line    0x00003679      0x6f3 binary/STM32Cube/libstm32cube.a(stm32f0xx_hal_pcd.o)
 .debug_line    0x00003d6c      0xbf1 binary/STM32Cube/libstm32cube.a(stm32f0xx_hal_spi.o)
 .debug_line    0x0000495d      0x2bb binary/STM32Cube/libstm32cube.a(stm32f0xx_hal_gpio.o)
 .debug_line    0x00004c18      0x455 binary/STM32Cube/libstm32cube.a(stm32f0xx_hal_rcc_ex.o)
 .debug_line    0x0000506d      0xffa binary/STM32Cube/libstm32cube.a(stm32f0xx_hal_i2c.o)
 .debug_line    0x00006067      0x898 binary/STM32Cube/libstm32cube.a(stm32f0xx_hal_uart.o)
 .debug_line    0x000068ff      0x2a2 binary/STM32Cube/libstm32cube.a(stm32f0xx_hal_cortex.o)
 .debug_line    0x00006ba1      0x31c binary/STM32Cube/libstm32cube.a(stm32f0xx_hal_uart_ex.o)
 .debug_line    0x00006ebd      0x2b3 binary/STM32Cube/libstm32cube.a(stm32f0xx_hal_rcc.o)

.debug_str      0x00000000     0x49cb
 .debug_str     0x00000000      0x9e3 binary/user/uart.o
                                0xa83 (size before relaxing)
 .debug_str     0x000009e3      0x38a binary/user/spi.o
                                0xa49 (size before relaxing)
 .debug_str     0x00000d6d      0x431 binary/user/i2c.o
                                0xa8d (size before relaxing)
 .debug_str     0x0000119e      0x5fb binary/user/can.o
                                0xb15 (size before relaxing)
 .debug_str     0x00001799      0x116 binary/user/tui.o
                                0x2b4 (size before relaxing)
 .debug_str     0x000018af       0x86 binary/user/connector_pin.o
                                0x2a7 (size before relaxing)
 .debug_str     0x00001935       0x65 binary/user/led.o
                                0x28e (size before relaxing)
 .debug_str     0x0000199a      0x225 binary/user/diag.o
                                0xa3b (size before relaxing)
 .debug_str     0x00001bbf      0x283 binary/user/system_config.o
                                0x635 (size before relaxing)
 .debug_str     0x00001e42      0xa1b binary/user/usbd_conf.o
                                0xf4c (size before relaxing)
 .debug_str     0x0000285d      0x13d binary/user/usbd_cdc_if.o
                                0x68a (size before relaxing)
 .debug_str     0x0000299a       0x85 binary/user/usb_device.o
                                0x606 (size before relaxing)
 .debug_str     0x00002a1f      0x138 binary/user/usbd_desc.o
                                0x3d1 (size before relaxing)
 .debug_str     0x00002b57       0x9b binary/user/stm32f0xx_it.o
                                0x920 (size before relaxing)
 .debug_str     0x00002bf2       0x74 binary/user/system_stm32f0xx.o
                                0x23e (size before relaxing)
 .debug_str     0x00002c66       0x77 binary/user/main.o
                                0x3e9 (size before relaxing)
 .debug_str     0x00002cdd      0x15f binary/usb/usbd_ctlreq.o
                                0x6ff (size before relaxing)
 .debug_str     0x00002e3c       0x94 binary/usb/usbd_ioreq.o
                                0x62c (size before relaxing)
 .debug_str     0x00002ed0       0x6a binary/usb/usbd_core.o
                                0x7ce (size before relaxing)
 .debug_str     0x00002f3a      0x1c1 binary/usb/usbd_cdc.o
                                0x86f (size before relaxing)
 .debug_str     0x000030fb      0x1f5 binary/STM32Cube/libstm32cube.a(stm32f0xx_hal.o)
                                0x575 (size before relaxing)
 .debug_str     0x000032f0       0x4a binary/STM32Cube/libstm32cube.a(stm32f0xx_hal_pcd_ex.o)
                                0x4a5 (size before relaxing)
 .debug_str     0x0000333a      0x148 binary/STM32Cube/libstm32cube.a(stm32f0xx_hal_can.o)
                                0x79f (size before relaxing)
 .debug_str     0x00003482      0x18e binary/STM32Cube/libstm32cube.a(stm32f0xx_hal_pcd.o)
                                0x82f (size before relaxing)
 .debug_str     0x00003610      0x38a binary/STM32Cube/libstm32cube.a(stm32f0xx_hal_spi.o)
                                0xa83 (size before relaxing)
 .debug_str     0x0000399a      0x125 binary/STM32Cube/libstm32cube.a(stm32f0xx_hal_gpio.o)
                                0x3e4 (size before relaxing)
 .debug_str     0x00003abf      0x292 binary/STM32Cube/libstm32cube.a(stm32f0xx_hal_rcc_ex.o)
                                0x6f0 (size before relaxing)
 .debug_str     0x00003d51      0x4be binary/STM32Cube/libstm32cube.a(stm32f0xx_hal_i2c.o)
                                0xbe3 (size before relaxing)
 .debug_str     0x0000420f      0x3d8 binary/STM32Cube/libstm32cube.a(stm32f0xx_hal_uart.o)
                                0xb95 (size before relaxing)
 .debug_str     0x000045e7      0x112 binary/STM32Cube/libstm32cube.a(stm32f0xx_hal_cortex.o)
                                0x5cc (size before relaxing)
 .debug_str     0x000046f9      0x1b4 binary/STM32Cube/libstm32cube.a(stm32f0xx_hal_uart_ex.o)
                                0x905 (size before relaxing)
 .debug_str     0x000048ad      0x11e binary/STM32Cube/libstm32cube.a(stm32f0xx_hal_rcc.o)
                                0x556 (size before relaxing)

.comment        0x00000000       0x46
 .comment       0x00000000       0x46 binary/user/uart.o
                                 0x47 (size before relaxing)
 .comment       0x00000000       0x47 binary/user/spi.o
 .comment       0x00000000       0x47 binary/user/i2c.o
 .comment       0x00000000       0x47 binary/user/can.o
 .comment       0x00000000       0x47 binary/user/tui.o
 .comment       0x00000000       0x47 binary/user/connector_pin.o
 .comment       0x00000000       0x47 binary/user/led.o
 .comment       0x00000000       0x47 binary/user/diag.o
 .comment       0x00000000       0x47 binary/user/system_config.o
 .comment       0x00000000       0x47 binary/user/usbd_conf.o
 .comment       0x00000000       0x47 binary/user/usbd_cdc_if.o
 .comment       0x00000000       0x47 binary/user/usb_device.o
 .comment       0x00000000       0x47 binary/user/usbd_desc.o
 .comment       0x00000000       0x47 binary/user/stm32f0xx_it.o
 .comment       0x00000000       0x47 binary/user/system_stm32f0xx.o
 .comment       0x00000000       0x47 binary/user/main.o
 .comment       0x00000000       0x47 binary/usb/usbd_ctlreq.o
 .comment       0x00000000       0x47 binary/usb/usbd_ioreq.o
 .comment       0x00000000       0x47 binary/usb/usbd_core.o
 .comment       0x00000000       0x47 binary/usb/usbd_cdc.o
 .comment       0x00000000       0x47 binary/STM32Cube/libstm32cube.a(stm32f0xx_hal.o)
 .comment       0x00000000       0x47 binary/STM32Cube/libstm32cube.a(stm32f0xx_hal_pcd_ex.o)
 .comment       0x00000000       0x47 binary/STM32Cube/libstm32cube.a(stm32f0xx_hal_can.o)
 .comment       0x00000000       0x47 binary/STM32Cube/libstm32cube.a(stm32f0xx_hal_pcd.o)
 .comment       0x00000000       0x47 binary/STM32Cube/libstm32cube.a(stm32f0xx_hal_spi.o)
 .comment       0x00000000       0x47 binary/STM32Cube/libstm32cube.a(stm32f0xx_hal_gpio.o)
 .comment       0x00000000       0x47 binary/STM32Cube/libstm32cube.a(stm32f0xx_hal_rcc_ex.o)
 .comment       0x00000000       0x47 binary/STM32Cube/libstm32cube.a(stm32f0xx_hal_i2c.o)
 .comment       0x00000000       0x47 binary/STM32Cube/libstm32cube.a(stm32f0xx_hal_uart.o)
 .comment       0x00000000       0x47 binary/STM32Cube/libstm32cube.a(stm32f0xx_hal_cortex.o)
 .comment       0x00000000       0x47 binary/STM32Cube/libstm32cube.a(stm32f0xx_hal_uart_ex.o)
 .comment       0x00000000       0x47 binary/STM32Cube/libstm32cube.a(stm32f0xx_hal_rcc.o)

.debug_frame    0x00000000     0x2d5c
 .debug_frame   0x00000000       0xe0 binary/user/uart.o
 .debug_frame   0x000000e0      0x104 binary/user/spi.o
 .debug_frame   0x000001e4      0x140 binary/user/i2c.o
 .debug_frame   0x00000324      0x180 binary/user/can.o
 .debug_frame   0x000004a4      0x15c binary/user/tui.o
 .debug_frame   0x00000600       0x88 binary/user/connector_pin.o
 .debug_frame   0x00000688       0xbc binary/user/led.o
 .debug_frame   0x00000744      0x178 binary/user/diag.o
 .debug_frame   0x000008bc       0x3c binary/user/system_config.o
 .debug_frame   0x000008f8      0x2ec binary/user/usbd_conf.o
 .debug_frame   0x00000be4       0x84 binary/user/usbd_cdc_if.o
 .debug_frame   0x00000c68       0x28 binary/user/usb_device.o
 .debug_frame   0x00000c90       0xc8 binary/user/usbd_desc.o
 .debug_frame   0x00000d58       0x58 binary/user/stm32f0xx_it.o
 .debug_frame   0x00000db0       0x3c binary/user/system_stm32f0xx.o
 .debug_frame   0x00000dec       0xa0 binary/user/main.o
 .debug_frame   0x00000e8c       0xb0 binary/usb/usbd_ctlreq.o
 .debug_frame   0x00000f3c       0xbc binary/usb/usbd_ioreq.o
 .debug_frame   0x00000ff8      0x1cc binary/usb/usbd_core.o
 .debug_frame   0x000011c4      0x168 binary/usb/usbd_cdc.o
 .debug_frame   0x0000132c      0x144 binary/STM32Cube/libstm32cube.a(stm32f0xx_hal.o)
 .debug_frame   0x00001470       0x2c binary/STM32Cube/libstm32cube.a(stm32f0xx_hal_pcd_ex.o)
 .debug_frame   0x0000149c      0x1d8 binary/STM32Cube/libstm32cube.a(stm32f0xx_hal_can.o)
 .debug_frame   0x00001674      0x2e0 binary/STM32Cube/libstm32cube.a(stm32f0xx_hal_pcd.o)
 .debug_frame   0x00001954      0x470 binary/STM32Cube/libstm32cube.a(stm32f0xx_hal_spi.o)
 .debug_frame   0x00001dc4       0xc8 binary/STM32Cube/libstm32cube.a(stm32f0xx_hal_gpio.o)
 .debug_frame   0x00001e8c       0xf0 binary/STM32Cube/libstm32cube.a(stm32f0xx_hal_rcc_ex.o)
 .debug_frame   0x00001f7c      0x53c binary/STM32Cube/libstm32cube.a(stm32f0xx_hal_i2c.o)
 .debug_frame   0x000024b8      0x3bc binary/STM32Cube/libstm32cube.a(stm32f0xx_hal_uart.o)
 .debug_frame   0x00002874      0x104 binary/STM32Cube/libstm32cube.a(stm32f0xx_hal_cortex.o)
 .debug_frame   0x00002978       0xec binary/STM32Cube/libstm32cube.a(stm32f0xx_hal_uart_ex.o)
 .debug_frame   0x00002a64      0x118 binary/STM32Cube/libstm32cube.a(stm32f0xx_hal_rcc.o)
 .debug_frame   0x00002b7c       0x2c /usr/share/gcc-arm/bin/../lib/gcc/arm-none-eabi/4.8.3/../../../../arm-none-eabi/lib/armv6-m/libc.a(lib_a-init.o)
 .debug_frame   0x00002ba8       0x38 /usr/share/gcc-arm/bin/../lib/gcc/arm-none-eabi/4.8.3/../../../../arm-none-eabi/lib/armv6-m/libc.a(lib_a-memset.o)
 .debug_frame   0x00002be0       0x20 /usr/share/gcc-arm/bin/../lib/gcc/arm-none-eabi/4.8.3/../../../../arm-none-eabi/lib/armv6-m/libc.a(lib_a-strcpy.o)
 .debug_frame   0x00002c00       0x20 /usr/share/gcc-arm/bin/../lib/gcc/arm-none-eabi/4.8.3/../../../../arm-none-eabi/lib/armv6-m/libc.a(lib_a-strlen.o)
 .debug_frame   0x00002c20       0x90 /usr/share/gcc-arm/bin/../lib/gcc/arm-none-eabi/4.8.3/../../../../arm-none-eabi/lib/armv6-m/libc.a(lib_a-strstr.o)
 .debug_frame   0x00002cb0       0x30 /usr/share/gcc-arm/bin/../lib/gcc/arm-none-eabi/4.8.3/../../../../arm-none-eabi/lib/armv6-m/libc.a(lib_a-memchr-stub.o)
 .debug_frame   0x00002ce0       0x2c /usr/share/gcc-arm/bin/../lib/gcc/arm-none-eabi/4.8.3/../../../../arm-none-eabi/lib/armv6-m/libc.a(lib_a-memcmp.o)
 .debug_frame   0x00002d0c       0x30 /usr/share/gcc-arm/bin/../lib/gcc/arm-none-eabi/4.8.3/../../../../arm-none-eabi/lib/armv6-m/libc.a(lib_a-strchr.o)
 .debug_frame   0x00002d3c       0x20 /usr/share/gcc-arm/bin/../lib/gcc/arm-none-eabi/4.8.3/armv6-m/libgcc.a(_udivsi3.o)
